<?xml version="1.0" encoding="UTF-8"?>
<project version="4">
  <component name="ProjectModuleManager">
    <modules>
      <module fileurl="file://$PROJECT_DIR$/test-project.iml" filepath="$PROJECT_DIR$/test-project.iml" />
    </modules>
  </component>
  <component name="ProjectTasksOptions">
    <TaskOptions isEnabled="true">
      <option name="arguments" value="format runAll $FilePathRelativeToProjectRoot$" />
      <option name="checkSyntaxErrors" value="true" />
      <option name="description" value="" />
      <option name="exitCodeBehavior" value="ERROR" />
      <option name="fileExtension" value="go" />
      <option name="immediateSync" value="false" />
      <option name="name" value="godel" />
      <option name="output" value="" />
      <option name="outputFilters">
        <array />
      </option>
      <option name="outputFromStdout" value="false" />
      <option name="program" value="$PROJECT_DIR$/godelw" />
      <option name="runOnExternalChanges" value="true" />
      <option name="scopeName" value="Changed Files" />
      <option name="trackOnlyRoot" value="false" />
      <option name="workingDir" value="$ProjectFileDir$" />
      <envs />
    </TaskOptions>
  </component>
  <component name="VgoProject">
    <integration-enabled>true</integration-enabled>
    <environment>
      <map>
        <entry key="GOFLAGS" value="-mod=vendor" />
        <entry key="GONOPROXY" value="none" />
        <entry key="GOPRIVATE" value="github.com/palantir/*" />
        <entry key="GOPROXY" value="https://proxy.golang.org" />
      </map>
    </environment>
  </component>
</project>
